<html>
<body>
<pre>
<h1>礦ision Build Log</h1>
<h2>Tool Versions:</h2>
IDE-Version: μVision V5.24.2.0
Copyright (C) 2017 ARM Ltd and ARM Germany GmbH. All rights reserved.
License Information: A S, D, LIC=47GU5-GK17E-016P1-C0T0M-K0DQT-P0N31
 
Tool Versions:
Toolchain:       MDK-ARM Plus  Version: 5.24.1
Toolchain Path:  D:\Keil_v5\ARM\ARMCC\Bin
C Compiler:      Armcc.exe V5.06 update 5 (build 528)
Assembler:       Armasm.exe V5.06 update 5 (build 528)
Linker/Locator:  ArmLink.exe V5.06 update 5 (build 528)
Library Manager: ArmAr.exe V5.06 update 5 (build 528)
Hex Converter:   FromElf.exe V5.06 update 5 (build 528)
CPU DLL:         SARMCM3.DLL V5.24.1
Dialog DLL:      DCM.DLL V1.16.0.0
Target DLL:      STLink\ST-LINKIII-KEIL_SWO.dll V3.0.1.0
Dialog DLL:      TCM.DLL V1.32.0.0
 
<h2>Project:</h2>
D:\C＋＋\learn\Project\基于stm32的环境监控系统\code\弱电风控系统.uvprojx
Project File Date:  11/17/2025

<h2>Output:</h2>
*** Using Compiler 'V5.06 update 5 (build 528)', folder: 'D:\Keil_v5\ARM\ARMCC\Bin'
Build target '基于stm32的环境监控系统'
compiling LED.c...
compiling stm32f10x_it.c...
compiling key_handler.c...
App\key_handler.c(6): warning:  #188-D: enumerated type mixed with another type
      state->current_mode = (state->current_mode + 1) % SYS_MODE_COUNT;
App\key_handler.c(108): warning:  #188-D: enumerated type mixed with another type
          state->current_setting = (state->current_setting + 1) % SET_ITEM_COUNT;
App\key_handler.c: 2 warnings, 0 errors
compiling Sensors.c...
compiling KEY.c...
compiling onenet.c...
compiling main.c...
compiling common_types.c...
compiling OLED_handler.c...
compiling croutine.c...
compiling list.c...
compiling stream_buffer.c...
compiling event_groups.c...
compiling queue.c...
compiling tasks.c...
compiling timers.c...
compiling Platform_Handler.c...
compiling heap_4.c...
compiling port.c...
linking...
Program Size: Code=32104 RO-data=5844 RW-data=188 ZI-data=7884  
".\Objects\基于stm32的环境监控系统.axf" - 0 Error(s), 2 Warning(s).

<h2>Software Packages used:</h2>

Package Vendor: Keil
                https://www.keil.com/pack/Keil.STM32F1xx_DFP.2.4.1.pack
                Keil.STM32F1xx_DFP.2.4.1
                STMicroelectronics STM32F1 Series Device Support, Drivers and Examples

<h2>Collection of Component include folders:</h2>
  .\RTE\_____stm32______________
  D:\Keil_v5\ARM\PACK\Keil\STM32F1xx_DFP\2.4.1\Device\Include

<h2>Collection of Component Files used:</h2>
Build Time Elapsed:  00:00:07
</pre>
</body>
</html>
